notifier: 'Flare Client'
language: PHP
framework_version: null
language_version: 7.3.2
exception_class: Log
seen_at: 1546305825
message: 'this is a message'
glows: {  }
solutions: {  }
stacktrace: {  }
context:
    arguments:
        - '[phpunit arguments removed]'
stage: null
message_level: null
open_frame_index: 0
group_by: null
application_path: null
